{
  "version": "1.5.0",
  "plugins_used": [
    {
      "name": "ArtifactoryDetector"
    },
    {
      "name": "AWSKeyDetector"
    },
    {
      "name": "AzureStorageKeyDetector"
    },
    {
      "name": "Base64HighEntropyString",
      "limit": 4.5
    },
    {
      "name": "BasicAuthDetector"
    },
    {
      "name": "CloudantDetector"
    },
    {
      "name": "DiscordBotTokenDetector"
    },
    {
      "name": "GitHubTokenDetector"
    },
    {
      "name": "GitLabTokenDetector"
    },
    {
      "name": "HexHighEntropyString",
      "limit": 3.0
    },
    {
      "name": "IbmCloudIamDetector"
    },
    {
      "name": "IbmCosHmacDetector"
    },
    {
      "name": "IPPublicDetector"
    },
    {
      "name": "JwtTokenDetector"
    },
    {
      "name": "KeywordDetector",
      "keyword_exclude": ""
    },
    {
      "name": "MailchimpDetector"
    },
    {
      "name": "NpmDetector"
    },
    {
      "name": "OpenAIDetector"
    },
    {
      "name": "PrivateKeyDetector"
    },
    {
      "name": "PypiTokenDetector"
    },
    {
      "name": "SendGridDetector"
    },
    {
      "name": "SlackDetector"
    },
    {
      "name": "SoftlayerDetector"
    },
    {
      "name": "SquareOAuthDetector"
    },
    {
      "name": "StripeDetector"
    },
    {
      "name": "TelegramBotTokenDetector"
    },
    {
      "name": "TwilioKeyDetector"
    }
  ],
  "filters_used": [
    {
      "path": "detect_secrets.filters.allowlist.is_line_allowlisted"
    },
    {
      "path": "detect_secrets.filters.common.is_baseline_file",
      "filename": ".secrets.baseline"
    },
    {
      "path": "detect_secrets.filters.common.is_ignored_due_to_verification_policies",
      "min_level": 2
    },
    {
      "path": "detect_secrets.filters.heuristic.is_indirect_reference"
    },
    {
      "path": "detect_secrets.filters.heuristic.is_likely_id_string"
    },
    {
      "path": "detect_secrets.filters.heuristic.is_lock_file"
    },
    {
      "path": "detect_secrets.filters.heuristic.is_not_alphanumeric_string"
    },
    {
      "path": "detect_secrets.filters.heuristic.is_potential_uuid"
    },
    {
      "path": "detect_secrets.filters.heuristic.is_prefixed_with_dollar_sign"
    },
    {
      "path": "detect_secrets.filters.heuristic.is_sequential_string"
    },
    {
      "path": "detect_secrets.filters.heuristic.is_swagger_file"
    },
    {
      "path": "detect_secrets.filters.heuristic.is_templated_secret"
    },
    {
      "path": "detect_secrets.filters.regex.should_exclude_file",
      "pattern": [
        "(^|/)(venv|chroma_db|node_modules|__pycache__|\\.git|artifacts|demo_shots|backups|mobile/www)/|^data/(uploads|source_pdfs)/|\\.(db|sqlite3?|pyc|pem|log|bak|lock|min\\.js)$|^\\.env$|^sbom\\.json$|jtoken"
      ]
    }
  ],
  "results": {
    ".env.example": [
      {
        "type": "Basic Auth Credentials",
        "filename": ".env.example",
        "hashed_secret": "112bb791304791ddcf692e29fd5cf149b35fea37",
        "is_verified": false,
        "line_number": 6,
        "is_secret": false
      }
    ],
    ".github\\workflows\\ci.yml": [
      {
        "type": "Secret Keyword",
        "filename": ".github\\workflows\\ci.yml",
        "hashed_secret": "a5a71a959c1c69b9e880412fec01e60883bd77cd",
        "is_verified": false,
        "line_number": 21,
        "is_secret": false
      },
      {
        "type": "Secret Keyword",
        "filename": ".github\\workflows\\ci.yml",
        "hashed_secret": "9689026c2cc94b6cad5d2ec4243ba09c3388d74e",
        "is_verified": false,
        "line_number": 128,
        "is_secret": false
      },
      {
        "type": "Basic Auth Credentials",
        "filename": ".github\\workflows\\ci.yml",
        "hashed_secret": "9689026c2cc94b6cad5d2ec4243ba09c3388d74e",
        "is_verified": false,
        "line_number": 143,
        "is_secret": false
      }
    ],
    "RELEASE.json": [
      {
        "type": "Hex High Entropy String",
        "filename": "RELEASE.json",
        "hashed_secret": "eba5292d2939e4be1b4a43c5bdcaf69952498205",
        "is_verified": false,
        "line_number": 4
      }
    ],
    "alembic.ini": [
      {
        "type": "Basic Auth Credentials",
        "filename": "alembic.ini",
        "hashed_secret": "9d4e1e23bd5b727046a9e3b4b7db57bd8d6ee684",
        "is_verified": false,
        "line_number": 89,
        "is_secret": false
      }
    ],
    "app\\legal_corpus\\fulltext\\constitution_1950.fulltext.json": [
      {
        "type": "Hex High Entropy String",
        "filename": "app\\legal_corpus\\fulltext\\constitution_1950.fulltext.json",
        "hashed_secret": "b7862277996a43febdf84c92b04baa790b333a79",
        "is_verified": false,
        "line_number": 16,
        "is_secret": false
      }
    ],
    "app\\legal_corpus\\fulltext\\it_act_2000.fulltext.json": [
      {
        "type": "Hex High Entropy String",
        "filename": "app\\legal_corpus\\fulltext\\it_act_2000.fulltext.json",
        "hashed_secret": "b4184c7ebe5bba268a5fd435a2d0d8e49f82395b",
        "is_verified": false,
        "line_number": 16,
        "is_secret": false
      }
    ],
    "app\\security_gate.py": [
      {
        "type": "Secret Keyword",
        "filename": "app\\security_gate.py",
        "hashed_secret": "a5c01e694764bcf09315443c6476e283e6f77906",
        "is_verified": false,
        "line_number": 28
      },
      {
        "type": "Basic Auth Credentials",
        "filename": "app\\security_gate.py",
        "hashed_secret": "bd564db5d5cc358eb0e3523d3e03041739f230d5",
        "is_verified": false,
        "line_number": 174
      }
    ],
    "artifacts\\baseline\\environment.json": [
      {
        "type": "Hex High Entropy String",
        "filename": "artifacts\\baseline\\environment.json",
        "hashed_secret": "65806067b3a5770de0d209381c91db5cfa01a032",
        "is_verified": false,
        "line_number": 5
      },
      {
        "type": "Hex High Entropy String",
        "filename": "artifacts\\baseline\\environment.json",
        "hashed_secret": "9868038c91e358a5793d7390bcebf7eccba45a9d",
        "is_verified": false,
        "line_number": 22
      },
      {
        "type": "Hex High Entropy String",
        "filename": "artifacts\\baseline\\environment.json",
        "hashed_secret": "eba5292d2939e4be1b4a43c5bdcaf69952498205",
        "is_verified": false,
        "line_number": 29
      }
    ],
    "artifacts\\baseline\\junit-sqlite.xml": [
      {
        "type": "JSON Web Token",
        "filename": "artifacts\\baseline\\junit-sqlite.xml",
        "hashed_secret": "7403da3d08138b89764814e4079265ff8e2df4d2",
        "is_verified": false,
        "line_number": 1
      }
    ],
    "docker-compose.yml": [
      {
        "type": "Secret Keyword",
        "filename": "docker-compose.yml",
        "hashed_secret": "9689026c2cc94b6cad5d2ec4243ba09c3388d74e",
        "is_verified": false,
        "line_number": 8,
        "is_secret": false
      },
      {
        "type": "Basic Auth Credentials",
        "filename": "docker-compose.yml",
        "hashed_secret": "9689026c2cc94b6cad5d2ec4243ba09c3388d74e",
        "is_verified": false,
        "line_number": 31,
        "is_secret": false
      }
    ],
    "docs\\AURORA_DEPLOYMENT_RUNBOOK.md": [
      {
        "type": "Basic Auth Credentials",
        "filename": "docs\\AURORA_DEPLOYMENT_RUNBOOK.md",
        "hashed_secret": "bd564db5d5cc358eb0e3523d3e03041739f230d5",
        "is_verified": false,
        "line_number": 64
      }
    ],
    "docs\\BACKUP_AND_DR.md": [
      {
        "type": "Basic Auth Credentials",
        "filename": "docs\\BACKUP_AND_DR.md",
        "hashed_secret": "bd564db5d5cc358eb0e3523d3e03041739f230d5",
        "is_verified": false,
        "line_number": 157
      }
    ],
    "docs\\CLAUDE_BASELINE.md": [
      {
        "type": "Hex High Entropy String",
        "filename": "docs\\CLAUDE_BASELINE.md",
        "hashed_secret": "eba5292d2939e4be1b4a43c5bdcaf69952498205",
        "is_verified": false,
        "line_number": 50
      }
    ],
    "docs\\ENGINEERING_RUNBOOK.md": [
      {
        "type": "Basic Auth Credentials",
        "filename": "docs\\ENGINEERING_RUNBOOK.md",
        "hashed_secret": "9d4e1e23bd5b727046a9e3b4b7db57bd8d6ee684",
        "is_verified": false,
        "line_number": 84
      }
    ],
    "migrations\\versions\\a3b7e1f0c2d5_data_rights_requests.py": [
      {
        "type": "Hex High Entropy String",
        "filename": "migrations\\versions\\a3b7e1f0c2d5_data_rights_requests.py",
        "hashed_secret": "86712ea8b2b025ac0a7101ab939b3ae4a7e14772",
        "is_verified": false,
        "line_number": 15,
        "is_secret": false
      }
    ],
    "migrations\\versions\\b4c8f2a1d6e9_tenant_verification.py": [
      {
        "type": "Hex High Entropy String",
        "filename": "migrations\\versions\\b4c8f2a1d6e9_tenant_verification.py",
        "hashed_secret": "1820e75a8117bc4a2fe37b4e7861480aaacede78",
        "is_verified": false,
        "line_number": 15,
        "is_secret": false
      }
    ],
    "migrations\\versions\\c5d9a3e2f7b1_misuse_reports.py": [
      {
        "type": "Hex High Entropy String",
        "filename": "migrations\\versions\\c5d9a3e2f7b1_misuse_reports.py",
        "hashed_secret": "94e8921427fd19a26c058c5628ca11240c32dacc",
        "is_verified": false,
        "line_number": 15,
        "is_secret": false
      }
    ],
    "migrations\\versions\\c7f4a2e8b103_consent_purpose_and_withdrawal.py": [
      {
        "type": "Hex High Entropy String",
        "filename": "migrations\\versions\\c7f4a2e8b103_consent_purpose_and_withdrawal.py",
        "hashed_secret": "128291991433d5557ac3793a1ae801d1674c2db7",
        "is_verified": false,
        "line_number": 26,
        "is_secret": false
      }
    ],
    "migrations\\versions\\d1903a16c356_encrypt_totp_secret_widen_column.py": [
      {
        "type": "Hex High Entropy String",
        "filename": "migrations\\versions\\d1903a16c356_encrypt_totp_secret_widen_column.py",
        "hashed_secret": "6806bae53ce46d501a34452afd6ef2eda4ce8cfa",
        "is_verified": false,
        "line_number": 15,
        "is_secret": false
      }
    ],
    "migrations\\versions\\d7e3b1a9c4f2_user_soul_ejection.py": [
      {
        "type": "Hex High Entropy String",
        "filename": "migrations\\versions\\d7e3b1a9c4f2_user_soul_ejection.py",
        "hashed_secret": "88195b4dc7f07c603b62f20b35c0b67e2f2fbaf9",
        "is_verified": false,
        "line_number": 15,
        "is_secret": false
      }
    ],
    "migrations\\versions\\e2b7c9d40a15_token_revocation_epoch.py": [
      {
        "type": "Hex High Entropy String",
        "filename": "migrations\\versions\\e2b7c9d40a15_token_revocation_epoch.py",
        "hashed_secret": "eba5292d2939e4be1b4a43c5bdcaf69952498205",
        "is_verified": false,
        "line_number": 24
      }
    ],
    "migrations\\versions\\ebb3145426f3_add_court_diary_tables.py": [
      {
        "type": "Hex High Entropy String",
        "filename": "migrations\\versions\\ebb3145426f3_add_court_diary_tables.py",
        "hashed_secret": "c42c4c5257651a9370744a314f7be50f4631497e",
        "is_verified": false,
        "line_number": 15,
        "is_secret": false
      }
    ],
    "migrations\\versions\\f2a1c9d4e7b3_consent_receipt_fields.py": [
      {
        "type": "Hex High Entropy String",
        "filename": "migrations\\versions\\f2a1c9d4e7b3_consent_receipt_fields.py",
        "hashed_secret": "ad1c2e847e642ec973e2fa7be630114238dd3fa6",
        "is_verified": false,
        "line_number": 16,
        "is_secret": false
      }
    ],
    "scripts\\verify_restore.py": [
      {
        "type": "Basic Auth Credentials",
        "filename": "scripts\\verify_restore.py",
        "hashed_secret": "bd564db5d5cc358eb0e3523d3e03041739f230d5",
        "is_verified": false,
        "line_number": 3
      }
    ],
    "tests\\conftest.py": [
      {
        "type": "Secret Keyword",
        "filename": "tests\\conftest.py",
        "hashed_secret": "dec27e6e2fdd95dac2e6acfc36bfd613519551ee",
        "is_verified": false,
        "line_number": 186,
        "is_secret": false
      }
    ],
    "tests\\test_ai_data_boundary.py": [
      {
        "type": "Secret Keyword",
        "filename": "tests\\test_ai_data_boundary.py",
        "hashed_secret": "f0ffd06613e24081e3ae8aaf1d2539807d0a7ba1",
        "is_verified": false,
        "line_number": 7,
        "is_secret": false
      }
    ],
    "tests\\test_attack_surface.py": [
      {
        "type": "JSON Web Token",
        "filename": "tests\\test_attack_surface.py",
        "hashed_secret": "7403da3d08138b89764814e4079265ff8e2df4d2",
        "is_verified": false,
        "line_number": 38
      },
      {
        "type": "Secret Keyword",
        "filename": "tests\\test_attack_surface.py",
        "hashed_secret": "dec27e6e2fdd95dac2e6acfc36bfd613519551ee",
        "is_verified": false,
        "line_number": 93
      }
    ],
    "tests\\test_audit_coverage.py": [
      {
        "type": "Secret Keyword",
        "filename": "tests\\test_audit_coverage.py",
        "hashed_secret": "dec27e6e2fdd95dac2e6acfc36bfd613519551ee",
        "is_verified": false,
        "line_number": 11,
        "is_secret": false
      }
    ],
    "tests\\test_audit_retention.py": [
      {
        "type": "Secret Keyword",
        "filename": "tests\\test_audit_retention.py",
        "hashed_secret": "dec27e6e2fdd95dac2e6acfc36bfd613519551ee",
        "is_verified": false,
        "line_number": 10,
        "is_secret": false
      }
    ],
    "tests\\test_backups.py": [
      {
        "type": "Secret Keyword",
        "filename": "tests\\test_backups.py",
        "hashed_secret": "dec27e6e2fdd95dac2e6acfc36bfd613519551ee",
        "is_verified": false,
        "line_number": 23,
        "is_secret": false
      }
    ],
    "tests\\test_billing.py": [
      {
        "type": "Secret Keyword",
        "filename": "tests\\test_billing.py",
        "hashed_secret": "dec27e6e2fdd95dac2e6acfc36bfd613519551ee",
        "is_verified": false,
        "line_number": 19,
        "is_secret": false
      },
      {
        "type": "Secret Keyword",
        "filename": "tests\\test_billing.py",
        "hashed_secret": "724f6f81473c80b988c1ddcb58ce4729c6904c21",
        "is_verified": false,
        "line_number": 143,
        "is_secret": false
      }
    ],
    "tests\\test_consent_gate.py": [
      {
        "type": "Secret Keyword",
        "filename": "tests\\test_consent_gate.py",
        "hashed_secret": "dec27e6e2fdd95dac2e6acfc36bfd613519551ee",
        "is_verified": false,
        "line_number": 10,
        "is_secret": false
      },
      {
        "type": "Secret Keyword",
        "filename": "tests\\test_consent_gate.py",
        "hashed_secret": "68fdf17cf8b3e8f24add3decedff5a3b5926d66f",
        "is_verified": false,
        "line_number": 25,
        "is_secret": false
      }
    ],
    "tests\\test_data_rights.py": [
      {
        "type": "Secret Keyword",
        "filename": "tests\\test_data_rights.py",
        "hashed_secret": "dec27e6e2fdd95dac2e6acfc36bfd613519551ee",
        "is_verified": false,
        "line_number": 7,
        "is_secret": false
      }
    ],
    "tests\\test_deploy_hardening.py": [
      {
        "type": "Basic Auth Credentials",
        "filename": "tests\\test_deploy_hardening.py",
        "hashed_secret": "f63c52e64416540106e3cfaffcbcd325f7213431",
        "is_verified": false,
        "line_number": 54
      },
      {
        "type": "Secret Keyword",
        "filename": "tests\\test_deploy_hardening.py",
        "hashed_secret": "a4b48a81cdab1e1a5dd37907d6c85ca1c61ddc7c",
        "is_verified": false,
        "line_number": 102
      }
    ],
    "tests\\test_draft_versions.py": [
      {
        "type": "Secret Keyword",
        "filename": "tests\\test_draft_versions.py",
        "hashed_secret": "dec27e6e2fdd95dac2e6acfc36bfd613519551ee",
        "is_verified": false,
        "line_number": 77,
        "is_secret": false
      },
      {
        "type": "Secret Keyword",
        "filename": "tests\\test_draft_versions.py",
        "hashed_secret": "1b104ad67105524e4cb7bb7d2b291990cf81c385",
        "is_verified": false,
        "line_number": 84,
        "is_secret": false
      }
    ],
    "tests\\test_drafts.py": [
      {
        "type": "Secret Keyword",
        "filename": "tests\\test_drafts.py",
        "hashed_secret": "dec27e6e2fdd95dac2e6acfc36bfd613519551ee",
        "is_verified": false,
        "line_number": 48,
        "is_secret": false
      }
    ],
    "tests\\test_encryption.py": [
      {
        "type": "Secret Keyword",
        "filename": "tests\\test_encryption.py",
        "hashed_secret": "dec27e6e2fdd95dac2e6acfc36bfd613519551ee",
        "is_verified": false,
        "line_number": 36,
        "is_secret": false
      }
    ],
    "tests\\test_firm.py": [
      {
        "type": "Secret Keyword",
        "filename": "tests\\test_firm.py",
        "hashed_secret": "dec27e6e2fdd95dac2e6acfc36bfd613519551ee",
        "is_verified": false,
        "line_number": 10,
        "is_secret": false
      },
      {
        "type": "Secret Keyword",
        "filename": "tests\\test_firm.py",
        "hashed_secret": "5af73126435f2db0f8b2520945af98f85d1ef4a5",
        "is_verified": false,
        "line_number": 23,
        "is_secret": false
      },
      {
        "type": "Secret Keyword",
        "filename": "tests\\test_firm.py",
        "hashed_secret": "e70da467d11c577123e1191cc30c5117a748eb13",
        "is_verified": false,
        "line_number": 38,
        "is_secret": false
      },
      {
        "type": "Secret Keyword",
        "filename": "tests\\test_firm.py",
        "hashed_secret": "1b104ad67105524e4cb7bb7d2b291990cf81c385",
        "is_verified": false,
        "line_number": 55,
        "is_secret": false
      }
    ],
    "tests\\test_health_endpoints.py": [
      {
        "type": "Secret Keyword",
        "filename": "tests\\test_health_endpoints.py",
        "hashed_secret": "dec27e6e2fdd95dac2e6acfc36bfd613519551ee",
        "is_verified": false,
        "line_number": 11,
        "is_secret": false
      }
    ],
    "tests\\test_llm_config.py": [
      {
        "type": "Secret Keyword",
        "filename": "tests\\test_llm_config.py",
        "hashed_secret": "01b074dd7f7bf631b6c062717dbbe01624c5b2c1",
        "is_verified": false,
        "line_number": 29,
        "is_secret": false
      },
      {
        "type": "Secret Keyword",
        "filename": "tests\\test_llm_config.py",
        "hashed_secret": "5d10afb17a825570103b12eed17daa6378a15657",
        "is_verified": false,
        "line_number": 38,
        "is_secret": false
      }
    ],
    "tests\\test_misuse_reports.py": [
      {
        "type": "Secret Keyword",
        "filename": "tests\\test_misuse_reports.py",
        "hashed_secret": "dec27e6e2fdd95dac2e6acfc36bfd613519551ee",
        "is_verified": false,
        "line_number": 7,
        "is_secret": false
      }
    ],
    "tests\\test_password_reset.py": [
      {
        "type": "Secret Keyword",
        "filename": "tests\\test_password_reset.py",
        "hashed_secret": "f4b56129caa112268a446848c25e5fe81cbee4d1",
        "is_verified": false,
        "line_number": 23,
        "is_secret": false
      },
      {
        "type": "Secret Keyword",
        "filename": "tests\\test_password_reset.py",
        "hashed_secret": "08aad7bc74a63143f7215718f35420d58c7ba72b",
        "is_verified": false,
        "line_number": 28,
        "is_secret": false
      },
      {
        "type": "Secret Keyword",
        "filename": "tests\\test_password_reset.py",
        "hashed_secret": "90bd087c2082d376a98ba3f54eb25159d967a521",
        "is_verified": false,
        "line_number": 43,
        "is_secret": false
      }
    ],
    "tests\\test_pii_egress.py": [
      {
        "type": "Secret Keyword",
        "filename": "tests\\test_pii_egress.py",
        "hashed_secret": "dec27e6e2fdd95dac2e6acfc36bfd613519551ee",
        "is_verified": false,
        "line_number": 22
      },
      {
        "type": "Secret Keyword",
        "filename": "tests\\test_pii_egress.py",
        "hashed_secret": "f3bbbd66a63d4bf1747940578ec3d0103530e21d",
        "is_verified": false,
        "line_number": 56
      }
    ],
    "tests\\test_postgres_parity.py": [
      {
        "type": "Secret Keyword",
        "filename": "tests\\test_postgres_parity.py",
        "hashed_secret": "dec27e6e2fdd95dac2e6acfc36bfd613519551ee",
        "is_verified": false,
        "line_number": 132
      }
    ],
    "tests\\test_privacy.py": [
      {
        "type": "Secret Keyword",
        "filename": "tests\\test_privacy.py",
        "hashed_secret": "dec27e6e2fdd95dac2e6acfc36bfd613519551ee",
        "is_verified": false,
        "line_number": 26,
        "is_secret": false
      }
    ],
    "tests\\test_rbac.py": [
      {
        "type": "Secret Keyword",
        "filename": "tests\\test_rbac.py",
        "hashed_secret": "dec27e6e2fdd95dac2e6acfc36bfd613519551ee",
        "is_verified": false,
        "line_number": 11,
        "is_secret": false
      }
    ],
    "tests\\test_reminders.py": [
      {
        "type": "Secret Keyword",
        "filename": "tests\\test_reminders.py",
        "hashed_secret": "dec27e6e2fdd95dac2e6acfc36bfd613519551ee",
        "is_verified": false,
        "line_number": 12,
        "is_secret": false
      }
    ],
    "tests\\test_security_gate.py": [
      {
        "type": "Base64 High Entropy String",
        "filename": "tests\\test_security_gate.py",
        "hashed_secret": "5c295e092c8830df715687d155f0a146369a8c30",
        "is_verified": false,
        "line_number": 16
      },
      {
        "type": "Secret Keyword",
        "filename": "tests\\test_security_gate.py",
        "hashed_secret": "1cb9fe3a3c7cbabde831b25c42cf95cff21f7774",
        "is_verified": false,
        "line_number": 96
      }
    ],
    "tests\\test_soul_ejection.py": [
      {
        "type": "Secret Keyword",
        "filename": "tests\\test_soul_ejection.py",
        "hashed_secret": "dec27e6e2fdd95dac2e6acfc36bfd613519551ee",
        "is_verified": false,
        "line_number": 21,
        "is_secret": false
      }
    ],
    "tests\\test_tenant_rbac_deep.py": [
      {
        "type": "Secret Keyword",
        "filename": "tests\\test_tenant_rbac_deep.py",
        "hashed_secret": "dec27e6e2fdd95dac2e6acfc36bfd613519551ee",
        "is_verified": false,
        "line_number": 78,
        "is_secret": false
      }
    ],
    "tests\\test_token_revocation.py": [
      {
        "type": "Secret Keyword",
        "filename": "tests\\test_token_revocation.py",
        "hashed_secret": "6cd48cf52455d25d3a5b49d91e37a3b34251c8f7",
        "is_verified": false,
        "line_number": 46
      },
      {
        "type": "Secret Keyword",
        "filename": "tests\\test_token_revocation.py",
        "hashed_secret": "d3d26a533d4a0d2b03d5d77046549fd8bdac84ff",
        "is_verified": false,
        "line_number": 52
      },
      {
        "type": "Secret Keyword",
        "filename": "tests\\test_token_revocation.py",
        "hashed_secret": "de2b593716045a25cf6b050823a360b3552e7302",
        "is_verified": false,
        "line_number": 72
      },
      {
        "type": "Secret Keyword",
        "filename": "tests\\test_token_revocation.py",
        "hashed_secret": "dec27e6e2fdd95dac2e6acfc36bfd613519551ee",
        "is_verified": false,
        "line_number": 83
      },
      {
        "type": "Secret Keyword",
        "filename": "tests\\test_token_revocation.py",
        "hashed_secret": "2f80845cc06bbf3d90d329bfa1cab1bc38443f8d",
        "is_verified": false,
        "line_number": 99
      }
    ],
    "tests\\test_verification.py": [
      {
        "type": "Secret Keyword",
        "filename": "tests\\test_verification.py",
        "hashed_secret": "dec27e6e2fdd95dac2e6acfc36bfd613519551ee",
        "is_verified": false,
        "line_number": 10,
        "is_secret": false
      }
    ],
    "tests\\test_workbench.py": [
      {
        "type": "Secret Keyword",
        "filename": "tests\\test_workbench.py",
        "hashed_secret": "dec27e6e2fdd95dac2e6acfc36bfd613519551ee",
        "is_verified": false,
        "line_number": 167,
        "is_secret": false
      }
    ],
    "tests\\test_workbench_practice.py": [
      {
        "type": "Secret Keyword",
        "filename": "tests\\test_workbench_practice.py",
        "hashed_secret": "dec27e6e2fdd95dac2e6acfc36bfd613519551ee",
        "is_verified": false,
        "line_number": 158,
        "is_secret": false
      }
    ]
  },
  "generated_at": "2026-08-04T14:59:46Z"
}
